alternatives.Color -> a.a:
    alternatives.Color white -> a
    alternatives.Color gray -> b
    alternatives.Color black -> c
    alternatives.Color red -> d
    alternatives.Color pink -> e
    alternatives.Color orange -> f
    alternatives.Color yellow -> g
    alternatives.Color green -> h
    alternatives.Color magenta -> i
    alternatives.Color cyan -> j
    alternatives.Color blue -> k
    void <init>(int,int,int) -> <init>
    void <init>(int,int,int,int) -> <init>
    void <clinit>() -> <clinit>
jugglinglab.JugglingLab -> jugglinglab.JugglingLab:
    void <init>() -> <init>
    void main(java.lang.String[]) -> main
jugglinglab.curve.Curve -> jugglinglab.a.a:
    int numpoints -> a
    double[] times -> b
    jugglinglab.util.Coordinate[] positions -> c
    jugglinglab.util.Coordinate[] velocities -> d
    void <init>() -> <init>
    void calcCurve() -> a
    void getCoordinate(double,jugglinglab.util.Coordinate) -> a
    jugglinglab.util.Coordinate getMax2(double,double) -> a
    jugglinglab.util.Coordinate getMin2(double,double) -> b
    void setCurve(double[],jugglinglab.util.Coordinate[],jugglinglab.util.Coordinate[]) -> a
    double getStartTime() -> b
    double getEndTime() -> c
    jugglinglab.util.Coordinate getMax(double,double) -> c
    jugglinglab.util.Coordinate getMin(double,double) -> d
    jugglinglab.util.Coordinate check(jugglinglab.util.Coordinate,double,boolean) -> a
jugglinglab.curve.SplineCurve -> jugglinglab.a.b:
    int n -> e
    double[][] a -> f
    double[][] b -> g
    double[][] c -> h
    double[][] d -> i
    void <init>() -> <init>
    void calcCurve() -> a
    void tridag(double[],double[],double[],double[],double[],int) -> a
    void getCoordinate(double,jugglinglab.util.Coordinate) -> a
    jugglinglab.util.Coordinate getMax2(double,double) -> a
    jugglinglab.util.Coordinate getMin2(double,double) -> b
jugglinglab.jml.HandLink -> jugglinglab.b.a:
    jugglinglab.jml.JMLEvent startevent -> a
    jugglinglab.jml.JMLEvent endevent -> b
    jugglinglab.jml.VelocityRef startvelref -> c
    jugglinglab.jml.VelocityRef endvelref -> d
    jugglinglab.curve.Curve hp -> e
    void <init>(int,int,jugglinglab.jml.JMLEvent,jugglinglab.jml.JMLEvent) -> <init>
    int index(int) -> a
    jugglinglab.jml.JMLEvent getStartEvent() -> a
    jugglinglab.jml.JMLEvent getEndEvent() -> b
    jugglinglab.jml.VelocityRef getStartVelocityRef() -> c
    void setStartVelocityRef(jugglinglab.jml.VelocityRef) -> a
    jugglinglab.jml.VelocityRef getEndVelocityRef() -> d
    void setEndVelocityRef(jugglinglab.jml.VelocityRef) -> b
    void setHandCurve(jugglinglab.curve.Curve) -> a
    jugglinglab.curve.Curve getHandCurve() -> e
    java.lang.String toString() -> toString
jugglinglab.jml.JMLDefs -> jugglinglab.b.b:
    java.lang.String[] jmlprefix -> a
    java.lang.String[] jmlsuffix -> b
    void <clinit>() -> <clinit>
jugglinglab.jml.JMLEvent -> jugglinglab.b.c:
    double x -> d
    double y -> e
    double z -> f
    double gx -> g
    double gy -> h
    double gz -> i
    boolean globalvalid -> j
    double t -> k
    int juggler -> l
    int hand -> m
    java.util.ArrayList transitions -> n
    int delay -> a
    int delayunits -> b
    jugglinglab.jml.JMLEvent master -> o
    boolean calcpos -> c
    jugglinglab.jml.JMLEvent prev -> p
    jugglinglab.jml.JMLEvent next -> q
    void <init>() -> <init>
    jugglinglab.util.Coordinate getLocalCoordinate() -> a
    void setLocalCoordinate(jugglinglab.util.Coordinate) -> a
    jugglinglab.util.Coordinate getGlobalCoordinate() -> b
    void setGlobalCoordinate(jugglinglab.util.Coordinate) -> b
    double getT() -> c
    void setT(double) -> a
    int getHand() -> d
    void setHand(int,int) -> a
    int getJuggler() -> e
    int getNumberOfTransitions() -> f
    jugglinglab.jml.JMLTransition getTransition(int) -> a
    void addTransition(jugglinglab.jml.JMLTransition) -> a
    boolean isMaster() -> g
    jugglinglab.jml.JMLEvent getMaster() -> h
    void setMaster(jugglinglab.jml.JMLEvent) -> a
    jugglinglab.jml.JMLEvent getPrevious() -> i
    void setPrevious(jugglinglab.jml.JMLEvent) -> b
    jugglinglab.jml.JMLEvent getNext() -> j
    void setNext(jugglinglab.jml.JMLEvent) -> c
    boolean isDelayOf(jugglinglab.jml.JMLEvent) -> d
    jugglinglab.jml.JMLTransition getPathTransition(int,int) -> b
    jugglinglab.jml.JMLEvent duplicate(int,int) -> c
    void writeJML(java.io.PrintWriter) -> a
    java.lang.String toString() -> toString
jugglinglab.jml.JMLNode -> jugglinglab.b.d:
    jugglinglab.jml.JMLPattern pat -> a
    int numjugglers -> b
    int numpaths -> c
    double looptime -> d
    jugglinglab.util.Permutation loopperm -> e
    jugglinglab.jml.JMLEvent ev -> f
    int evjuggler -> g
    int evhand -> h
    int evtransitions -> i
    double evtime -> j
    jugglinglab.util.Permutation[][][] ea -> k
    int numentries -> l
    int[] transitiontype -> m
    int currentloop -> n
    int currentj -> o
    int currenth -> p
    int currententry -> q
    java.lang.String xmlescape(java.lang.String) -> a
    void <init>(jugglinglab.jml.JMLPattern,jugglinglab.jml.JMLEvent) -> <init>
    jugglinglab.jml.JMLEvent getNext() -> a
    jugglinglab.jml.JMLEvent getPrevious() -> b
    jugglinglab.jml.JMLEvent makeEvent() -> c
    void resetPosition() -> d
    boolean hasJMLTransitionForHand(int,int) -> a
    boolean hasVDJMLTransitionForHand(int,int) -> b
    boolean hasJMLTransitionForPath(int) -> a
    boolean hasVDJMLTransitionForPath(int) -> b
    void calcarray() -> e
jugglinglab.jml.JMLPattern -> jugglinglab.b.e:
    java.lang.String version -> a
    java.lang.String title -> b
    java.lang.String info -> c
    java.util.ArrayList tags -> d
    int numjugglers -> e
    int numpaths -> f
    java.util.ArrayList props -> g
    int[] propassignment -> h
    java.lang.String base_pattern_notation -> i
    java.lang.String base_pattern_config -> j
    boolean[] hasVDPathJMLTransition -> k
    boolean[][] hasVDHandJMLTransition -> l
    java.util.ArrayList symmetries -> m
    jugglinglab.jml.JMLEvent eventlist -> n
    jugglinglab.jml.JMLPosition positionlist -> o
    java.util.ArrayList pathlinks -> p
    java.util.ArrayList handlinks -> q
    jugglinglab.curve.Curve[] jugglercurve -> r
    jugglinglab.curve.Curve[] jugglerangle -> s
    boolean laidout -> t
    boolean valid -> u
    void <init>() -> <init>
    void setTitle(java.lang.String) -> a
    void setNumberOfJugglers(int) -> a
    void setNumberOfPaths(int) -> b
    void addProp(jugglinglab.jml.PropDef) -> a
    void setPropAssignments(int[]) -> a
    void addSymmetry(jugglinglab.jml.JMLSymmetry) -> a
    void addEvent(jugglinglab.jml.JMLEvent) -> a
    void removeEvent(jugglinglab.jml.JMLEvent) -> b
    jugglinglab.jml.JMLEvent getEventList() -> a
    void addPosition(jugglinglab.jml.JMLPosition) -> a
    jugglinglab.jml.JMLPattern fromBasePattern(java.lang.String,java.lang.String) -> a
    double scaleTimeToFitThrows(double) -> a
    jugglinglab.jml.JMLPattern layoutPattern() -> b
    void buildEventList() -> c
    void layoutHandPaths() -> h
    int getNumberOfJugglers() -> d
    int getNumberOfPaths() -> e
    int getPropAssignment(int) -> d
    int getNumberOfSymmetries() -> f
    jugglinglab.jml.JMLSymmetry getSymmetry(int) -> c
    double getLoopEndTime() -> g
    void getHandCoordinate(int,int,double,jugglinglab.util.Coordinate) -> a
    void writeJML(java.io.Writer,boolean,boolean) -> a
    java.lang.String toString() -> toString
jugglinglab.jml.JMLPosition -> jugglinglab.b.f:
    double x -> a
    double y -> b
    double z -> c
    double t -> d
    double angle -> e
    int juggler -> f
    jugglinglab.jml.JMLPosition prev -> g
    jugglinglab.jml.JMLPosition next -> h
    void <init>() -> <init>
    jugglinglab.util.Coordinate getCoordinate() -> a
    void setCoordinate(jugglinglab.util.Coordinate) -> a
    double getAngle() -> b
    void setAngle(double) -> a
    double getT() -> c
    void setT(double) -> b
    int getJuggler() -> d
    void setJuggler(int) -> a
    jugglinglab.jml.JMLPosition getPrevious() -> e
    void setPrevious(jugglinglab.jml.JMLPosition) -> a
    jugglinglab.jml.JMLPosition getNext() -> f
    void setNext(jugglinglab.jml.JMLPosition) -> b
    void writeJML(java.io.PrintWriter) -> a
jugglinglab.jml.JMLSymmetry -> jugglinglab.b.g:
    int type -> a
    int numjugglers -> e
    int numpaths -> f
    jugglinglab.util.Permutation jugglerperm -> b
    jugglinglab.util.Permutation pathperm -> c
    double delay -> d
    void <init>() -> <init>
    void <init>(int,int,java.lang.String,int,java.lang.String,double) -> <init>
    jugglinglab.util.Permutation getPathPerm() -> a
    void writeJML(java.io.PrintWriter) -> a
jugglinglab.jml.JMLTransition -> jugglinglab.b.h:
    int path -> a
    java.lang.String type -> b
    java.lang.String mod -> c
    jugglinglab.jml.PathLink ipl -> d
    jugglinglab.jml.PathLink opl -> e
    int transitiontype -> f
    void <init>(int,int,java.lang.String,java.lang.String) -> <init>
    int getType() -> a
    int getPath() -> b
    void setPath(int) -> a
    java.lang.String getThrowType() -> c
    java.lang.String getMod() -> d
    void setIncomingPathLink(jugglinglab.jml.PathLink) -> a
    jugglinglab.jml.PathLink getIncomingPathLink() -> e
    void setOutgoingPathLink(jugglinglab.jml.PathLink) -> b
    jugglinglab.jml.PathLink getOutgoingPathLink() -> f
    jugglinglab.jml.JMLTransition duplicate() -> g
    void writeJML(java.io.PrintWriter) -> a
jugglinglab.jml.PathLink -> jugglinglab.b.i:
    jugglinglab.jml.JMLEvent startevent -> a
    jugglinglab.jml.JMLEvent endevent -> b
    java.lang.String throwtype -> c
    java.lang.String mod -> d
    jugglinglab.path.Path proppath -> e
    boolean inhand -> f
    void <init>(int,jugglinglab.jml.JMLEvent,jugglinglab.jml.JMLEvent) -> <init>
    void setThrow(java.lang.String,java.lang.String) -> a
    void setInHand(int,int) -> a
    jugglinglab.path.Path getPath() -> a
    java.lang.String toString() -> toString
jugglinglab.jml.PropDef -> jugglinglab.b.j:
    java.lang.String proptype -> a
    java.lang.String mod -> b
    jugglinglab.prop.Prop prop -> c
    void <init>() -> <init>
    void <init>(java.lang.String,java.lang.String) -> <init>
    void writeJML(java.io.PrintWriter) -> a
jugglinglab.jml.VelocityRef -> jugglinglab.b.k:
    int VR_THROW -> a
    int VR_CATCH -> b
    int VR_SOFTCATCH -> c
    jugglinglab.path.Path pp -> d
    int src -> e
    void <init>(jugglinglab.path.Path,int) -> <init>
    jugglinglab.util.Coordinate getVelocity() -> a
    int getSource() -> b
    void <clinit>() -> <clinit>
jugglinglab.notation.MHNBody -> jugglinglab.c.a:
    int jugglers -> a
    int[] size -> b
    int[][] coords -> c
    double[][][][] bodypath -> d
    void <init>(java.lang.String) -> <init>
    int getNumberOfJugglers() -> a
    int getPeriod(int) -> a
    int getNumberOfPositions(int,int) -> a
    jugglinglab.jml.JMLPosition getPosition(int,int,int) -> a
jugglinglab.notation.MHNHands -> jugglinglab.c.b:
    int jugglers -> a
    int[] size -> b
    int[][] coords -> c
    int[][] catches -> d
    double[][][][] handpath -> e
    void <init>(java.lang.String) -> <init>
    int getPeriod(int) -> a
    int getNumberOfCoordinates(int,int) -> a
    int getCatchIndex(int,int) -> b
    jugglinglab.util.Coordinate getCoordinate(int,int,int) -> a
jugglinglab.notation.MHNPattern -> jugglinglab.c.c:
    double bps_default -> l
    double dwell_default -> m
    double gravity_default -> n
    double propdiam_default -> o
    double bouncefrac_default -> p
    double squeezebeats_default -> q
    java.lang.String prop_default -> r
    boolean hold_default -> s
    boolean dwellmax_default -> t
    java.lang.String config -> u
    java.lang.String pattern -> a
    double bps_set -> v
    double dwell -> w
    double gravity -> x
    double propdiam -> y
    double bouncefrac -> z
    double squeezebeats -> A
    java.lang.String prop -> B
    java.lang.String[] color -> C
    java.lang.String title -> D
    java.lang.String hss -> E
    double[] dwellarray -> F
    int numjugglers -> b
    int numpaths -> c
    int period -> d
    int max_occupancy -> e
    jugglinglab.notation.MHNThrow[][][][] th -> f
    jugglinglab.notation.MHNHands hands -> g
    jugglinglab.notation.MHNBody bodies -> h
    int max_throw -> i
    int indexes -> j
    java.util.ArrayList symmetry -> k
    double bps -> G
    double[] samethrowx -> H
    double[] crossingthrowx -> I
    double[] catchx -> J
    double BEATS_ONE_THROW_EARLY -> K
    double BEATS_AIRTIME_MIN -> L
    double BEATS_THROW_CATCH_MIN -> M
    double BEATS_CATCH_THROW_MIN -> N
    double SECS_EVENT_GAP_MAX -> O
    double[] throwspersec -> P
    void <init>() -> <init>
    int getNumberOfJugglers() -> a
    int getPeriod() -> b
    void addSymmetry(jugglinglab.notation.MHNSymmetry) -> a
    jugglinglab.notation.MHNSymmetry getSymmetry(int) -> a
    jugglinglab.notation.MHNPattern fromParameters(jugglinglab.util.ParameterList) -> a
    java.lang.String toString() -> toString
    void buildJugglingMatrix() -> c
    boolean isCatchOrderIncorrect(jugglinglab.notation.MHNThrow,jugglinglab.notation.MHNThrow) -> a
    jugglinglab.jml.JMLPattern asJMLPattern() -> d
    void addEventsForGapsToJML(jugglinglab.jml.JMLPattern) -> a
    void addLocationsForIncompleteEventsToJML(jugglinglab.jml.JMLPattern) -> b
    void addMissingHoldsToJML(jugglinglab.jml.JMLPattern) -> c
    void <clinit>() -> <clinit>
jugglinglab.notation.MHNSymmetry -> jugglinglab.c.d:
    int type -> a
    int numjugglers -> b
    jugglinglab.util.Permutation jugglerperm -> c
    int delay -> d
    void <init>(int,int,java.lang.String,int) -> <init>
jugglinglab.notation.MHNThrow -> jugglinglab.c.e:
    int juggler -> a
    int hand -> b
    int index -> c
    int slot -> d
    int targetjuggler -> e
    int targethand -> f
    int targetindex -> g
    int targetslot -> h
    java.lang.String mod -> i
    jugglinglab.notation.MHNThrow master -> j
    jugglinglab.notation.MHNThrow source -> k
    int pathnum -> l
    boolean catching -> m
    int catchnum -> n
    int dwellwindow -> o
    double throwtime -> p
    double catchtime -> q
    int handsindex -> r
    void <init>() -> <init>
    void <init>(int,int,int,int,int,int,int,int,java.lang.String) -> <init>
    java.lang.String toString() -> toString
    boolean isZero() -> a
    int throwValue() -> c
    boolean isThrownOne() -> b
jugglinglab.notation.Pattern -> jugglinglab.c.f:
    void <init>() -> <init>
    jugglinglab.notation.Pattern newPattern(java.lang.String) -> a
    java.lang.String getNotationName() -> e
    jugglinglab.notation.Pattern fromString(java.lang.String) -> b
    java.lang.String toString() -> toString
    jugglinglab.jml.JMLPattern asJMLPattern() -> d
    void <clinit>() -> <clinit>
jugglinglab.notation.SiteswapPattern -> jugglinglab.c.g:
    boolean oddperiod -> l
    boolean[] right_on_even -> m
    void <init>() -> <init>
    java.lang.String getNotationName() -> e
    jugglinglab.notation.SiteswapPattern fromParameters(jugglinglab.util.ParameterList) -> b
    int getNorepPeriod() -> f
    void parseSiteswapNotation() -> g
    void doFirstPass(jugglinglab.notation.ssparser.SiteswapTreeItem) -> a
    void doSecondPass(jugglinglab.notation.ssparser.SiteswapTreeItem,boolean,int) -> a
    void resolveModifiers() -> h
    jugglinglab.notation.MHNPattern fromParameters(jugglinglab.util.ParameterList) -> a
    jugglinglab.notation.Pattern fromString(java.lang.String) -> b
jugglinglab.notation.ssparser.ParseException -> jugglinglab.c.a.a:
    jugglinglab.notation.ssparser.Token currentToken -> a
    void <init>(jugglinglab.notation.ssparser.Token,int[][],java.lang.String[]) -> <init>
    void <init>() -> <init>
    void <init>(java.lang.String) -> <init>
    java.lang.String initialise(jugglinglab.notation.ssparser.Token,int[][],java.lang.String[]) -> a
    java.lang.String add_escapes(java.lang.String) -> a
jugglinglab.notation.ssparser.SimpleCharStream -> jugglinglab.c.a.b:
    int bufsize -> a
    int available -> b
    int tokenBegin -> c
    int bufpos -> d
    int[] bufline -> e
    int[] bufcolumn -> f
    int column -> g
    int line -> h
    boolean prevCharIsCR -> i
    boolean prevCharIsLF -> j
    java.io.Reader inputStream -> k
    char[] buffer -> l
    int maxNextCharInd -> m
    int inBuf -> n
    int tabSize -> o
    void ExpandBuff(boolean) -> a
    void FillBuff() -> h
    char BeginToken() -> a
    void UpdateLineColumn(char) -> a
    char readChar() -> b
    int getEndColumn() -> c
    int getEndLine() -> d
    int getBeginColumn() -> e
    int getBeginLine() -> f
    void backup(int) -> a
    void <init>(java.io.Reader,int,int,int) -> <init>
    void <init>(java.io.Reader,int,int) -> <init>
    java.lang.String GetImage() -> g
jugglinglab.notation.ssparser.SiteswapParser -> jugglinglab.c.a.c:
    int jugglers -> b
    int current_juggler -> c
    int current_beat -> d
    int current_beat_sub -> e
    jugglinglab.notation.ssparser.SiteswapParserTokenManager token_source -> f
    jugglinglab.notation.ssparser.SimpleCharStream jj_input_stream -> g
    jugglinglab.notation.ssparser.Token token -> h
    jugglinglab.notation.ssparser.Token jj_nt -> i
    int jj_ntk -> j
    jugglinglab.notation.ssparser.Token jj_scanpos -> k
    jugglinglab.notation.ssparser.Token jj_lastpos -> l
    int jj_la -> m
    int jj_gen -> n
    int[] jj_la1 -> o
    int[] jj_la1_0 -> p
    jugglinglab.notation.ssparser.SiteswapParser$JJCalls[] jj_2_rtns -> q
    boolean jj_rescan -> r
    int jj_gc -> s
    jugglinglab.notation.ssparser.SiteswapParser$LookaheadSuccess jj_ls -> t
    java.util.List jj_expentries -> u
    int[] jj_expentry -> v
    int jj_kind -> w
    int[] jj_lasttokens -> x
    int jj_endpos -> y
    jugglinglab.notation.ssparser.SiteswapTreeItem parsePattern(java.lang.String) -> a
    jugglinglab.notation.ssparser.SiteswapTreeItem Pattern() -> a
    jugglinglab.notation.ssparser.SiteswapTreeItem GroupedPattern() -> b
    jugglinglab.notation.ssparser.SiteswapTreeItem SoloSequence() -> c
    jugglinglab.notation.ssparser.SiteswapTreeItem SoloPairedThrow() -> d
    jugglinglab.notation.ssparser.SiteswapTreeItem SoloMultiThrow() -> e
    jugglinglab.notation.ssparser.SiteswapTreeItem SoloSingleThrow() -> f
    jugglinglab.notation.ssparser.SiteswapTreeItem SoloHandSpecifier() -> g
    jugglinglab.notation.ssparser.SiteswapTreeItem PassingSequence() -> h
    jugglinglab.notation.ssparser.SiteswapTreeItem PassingGroup() -> i
    jugglinglab.notation.ssparser.SiteswapTreeItem PassingThrows() -> j
    jugglinglab.notation.ssparser.SiteswapTreeItem PassingPairedThrow() -> k
    jugglinglab.notation.ssparser.SiteswapTreeItem PassingMultiThrow() -> l
    jugglinglab.notation.ssparser.SiteswapTreeItem PassingSingleThrow() -> m
    jugglinglab.notation.ssparser.SiteswapTreeItem PassingHandSpecifier() -> n
    int Number() -> o
    int Wildcard() -> p
    java.lang.String Modifier() -> q
    boolean jj_2_1(int) -> a
    boolean jj_2_2(int) -> b
    boolean jj_2_3(int) -> c
    boolean jj_3R_84() -> r
    boolean jj_3R_14() -> s
    boolean jj_3_2() -> t
    boolean jj_3R_68() -> u
    boolean jj_3R_79() -> v
    boolean jj_3R_71() -> w
    boolean jj_3R_13() -> x
    boolean jj_3R_70() -> y
    boolean jj_3_1() -> z
    boolean jj_3R_44() -> A
    boolean jj_3R_43() -> B
    boolean jj_3R_42() -> C
    boolean jj_3R_76() -> D
    boolean jj_3R_45() -> E
    boolean jj_3R_41() -> F
    boolean jj_3R_69() -> G
    boolean jj_3R_30() -> H
    boolean jj_3R_28() -> I
    boolean jj_3R_40() -> J
    boolean jj_3R_39() -> K
    boolean jj_3R_35() -> L
    boolean jj_3R_27() -> M
    boolean jj_3R_34() -> N
    boolean jj_3R_24() -> O
    boolean jj_3R_49() -> P
    boolean jj_3R_51() -> Q
    boolean jj_3R_46() -> R
    boolean jj_3R_48() -> S
    boolean jj_3R_50() -> T
    boolean jj_3R_38() -> U
    boolean jj_3R_47() -> V
    boolean jj_3R_33() -> W
    boolean jj_3R_19() -> X
    boolean jj_3R_37() -> Y
    boolean jj_3R_36() -> Z
    boolean jj_3R_32() -> aa
    boolean jj_3R_31() -> ab
    boolean jj_3R_25() -> ac
    boolean jj_3R_16() -> ad
    boolean jj_3R_22() -> ae
    boolean jj_3R_18() -> af
    boolean jj_3R_26() -> ag
    boolean jj_3R_15() -> ah
    boolean jj_3R_23() -> ai
    boolean jj_3R_17() -> aj
    boolean jj_3_3() -> ak
    void <init>(java.io.Reader) -> <init>
    jugglinglab.notation.ssparser.Token jj_consume_token(int) -> d
    boolean jj_scan_token(int) -> e
    int jj_ntk() -> al
    void jj_add_error_token(int,int) -> a
    jugglinglab.notation.ssparser.ParseException generateParseException() -> am
    void jj_rescan_token() -> an
    void jj_save(int,int) -> b
    void <clinit>() -> <clinit>
jugglinglab.notation.ssparser.SiteswapParser$JJCalls -> jugglinglab.c.a.d:
    int gen -> a
    jugglinglab.notation.ssparser.Token first -> b
    int arg -> c
    jugglinglab.notation.ssparser.SiteswapParser$JJCalls next -> d
    void <init>() -> <init>
jugglinglab.notation.ssparser.SiteswapParser$LookaheadSuccess -> jugglinglab.c.a.e:
    void <init>() -> <init>
jugglinglab.notation.ssparser.SiteswapParserConstants -> jugglinglab.c.a.f:
    java.lang.String[] tokenImage -> a
    void <clinit>() -> <clinit>
jugglinglab.notation.ssparser.SiteswapParserTokenManager -> jugglinglab.c.a.g:
    java.lang.String[] jjstrLiteralImages -> b
    long[] jjtoToken -> c
    jugglinglab.notation.ssparser.SimpleCharStream input_stream -> d
    int[] jjrounds -> e
    int[] jjstateSet -> f
    char curChar -> g
    int curLexState -> h
    int jjnewStateCnt -> i
    int jjround -> j
    int jjmatchedPos -> k
    int jjmatchedKind -> l
    int jjStopAtPos(int,int) -> a
    int jjMoveNfa_0(int,int) -> b
    void <init>(jugglinglab.notation.ssparser.SimpleCharStream) -> <init>
    jugglinglab.notation.ssparser.Token jjFillToken() -> b
    jugglinglab.notation.ssparser.Token getNextToken() -> a
    void jjCheckNAdd(int) -> a
    void <clinit>() -> <clinit>
jugglinglab.notation.ssparser.SiteswapTreeItem -> jugglinglab.c.a.h:
    int type -> a
    java.util.ArrayList children -> b
    int jugglers -> c
    int repeats -> d
    boolean switchrepeat -> e
    int beats -> f
    int seq_beatnum -> g
    int source_juggler -> h
    int value -> i
    boolean x -> j
    int dest_juggler -> k
    java.lang.String mod -> l
    boolean spec_left -> m
    int throw_sum -> n
    int beatnum -> o
    boolean left -> p
    boolean vanilla_async -> q
    boolean sync_throw -> r
    jugglinglab.notation.ssparser.SiteswapTreeItem transition -> s
    java.lang.String[] typenames -> t
    int[][] field_defined_types -> u
    void <init>(int) -> <init>
    void addChild(jugglinglab.notation.ssparser.SiteswapTreeItem) -> a
    jugglinglab.notation.ssparser.SiteswapTreeItem getChild(int) -> a
    java.lang.Object clone() -> clone
    java.lang.String toString() -> toString
    java.lang.String toString(int) -> b
    boolean field_active(int,int) -> a
    void <clinit>() -> <clinit>
jugglinglab.notation.ssparser.Token -> jugglinglab.c.a.i:
    int kind -> a
    int beginLine -> b
    int beginColumn -> c
    java.lang.String image -> d
    jugglinglab.notation.ssparser.Token next -> e
    void <init>() -> <init>
    void <init>(int,java.lang.String) -> <init>
    java.lang.String toString() -> toString
    jugglinglab.notation.ssparser.Token newToken(int,java.lang.String) -> a
jugglinglab.notation.ssparser.TokenMgrError -> jugglinglab.c.a.j:
    java.lang.String addEscapes(java.lang.String) -> a
    java.lang.String LexicalError$5e3d1f51(boolean,int,int,java.lang.String,char) -> a
    java.lang.String getMessage() -> getMessage
    void <init>() -> <init>
    void <init>(java.lang.String,int) -> <init>
    void <init>(boolean,int,int,int,java.lang.String,char,int) -> <init>
jugglinglab.path.BouncePath -> jugglinglab.d.a:
    double bx -> e
    double by -> f
    double[] az -> g
    double[] bz -> h
    double[] cz -> i
    double[] endtime -> j
    int bounces -> k
    boolean forced -> l
    boolean hyper -> m
    double bounceplane -> n
    double g -> o
    double bouncefracsqrt -> p
    int numbounces -> q
    void <init>() -> <init>
    void initPath(java.lang.String) -> a
    void calcPath() -> a
    int solveBounceEquation(int,double,double[],boolean[]) -> a
    boolean isFeasibleDuration(double) -> a
    double getMinDuration() -> b
    jugglinglab.util.Coordinate getStartVelocity() -> c
    jugglinglab.util.Coordinate getEndVelocity() -> d
    double evalPolynomial(double[],int,double) -> a
    double bracketOpenInterval(double[],int,double,boolean) -> a
    double findRoot(double[],int,double,double) -> a
    int findRealRootsPolynomial(double[],int,double[]) -> a
jugglinglab.path.Path -> jugglinglab.d.b:
    double start_time -> a
    double end_time -> b
    jugglinglab.util.Coordinate start_coord -> c
    jugglinglab.util.Coordinate end_coord -> d
    void <init>() -> <init>
    jugglinglab.path.Path newPath(java.lang.String) -> b
    void setStart(jugglinglab.util.Coordinate,double) -> a
    void setEnd(jugglinglab.util.Coordinate,double) -> b
    double getDuration() -> e
    double getMinDuration() -> b
    void initPath(java.lang.String) -> a
    void calcPath() -> a
    jugglinglab.util.Coordinate getStartVelocity() -> c
    jugglinglab.util.Coordinate getEndVelocity() -> d
    void <clinit>() -> <clinit>
jugglinglab.path.TossPath -> jugglinglab.d.c:
    double bx -> e
    double by -> f
    double az -> g
    double bz -> h
    void <init>() -> <init>
    void initPath(java.lang.String) -> a
    void calcPath() -> a
    jugglinglab.util.Coordinate getStartVelocity() -> c
    jugglinglab.util.Coordinate getEndVelocity() -> d
jugglinglab.prop.BallProp -> jugglinglab.e.a:
    java.lang.String[] colornames -> a
    alternatives.Color[] colorvals -> b
    void <init>() -> <init>
    void init(java.lang.String) -> a
    void <clinit>() -> <clinit>
jugglinglab.prop.Prop -> jugglinglab.e.b:
    void <init>() -> <init>
    jugglinglab.prop.Prop newProp$5ee43a7c() -> a
    void initProp(java.lang.String) -> b
    void init(java.lang.String) -> a
    void <clinit>() -> <clinit>
jugglinglab.util.Coordinate -> jugglinglab.f.a:
    double x -> a
    double y -> b
    double z -> c
    void <init>() -> <init>
    void <init>(double,double,double) -> <init>
    void <init>(jugglinglab.util.Coordinate) -> <init>
    void setCoordinate(double,double,double) -> a
    double getIndex(int) -> a
    java.lang.String toString() -> toString
jugglinglab.util.JLFunc -> jugglinglab.f.b:
    java.text.NumberFormat nf -> a
    java.lang.String expandRepeats(java.lang.String) -> a
    void addExpansionToBuffer(java.lang.String,java.lang.StringBuffer) -> a
    double parseDouble(java.lang.String) -> b
    java.lang.String toStringRounded(double,int) -> a
jugglinglab.util.JuggleException -> jugglinglab.f.c:
    void <init>() -> <init>
    void <init>(java.lang.String) -> <init>
jugglinglab.util.JuggleExceptionInternal -> jugglinglab.f.d:
    void <init>() -> <init>
    void <init>(java.lang.String) -> <init>
jugglinglab.util.JuggleExceptionUser -> jugglinglab.f.e:
    void <init>() -> <init>
    void <init>(java.lang.String) -> <init>
jugglinglab.util.ParameterList -> jugglinglab.f.f:
    int size -> a
    java.util.ArrayList names -> b
    java.util.ArrayList values -> c
    void <init>() -> <init>
    void <init>(java.lang.String) -> <init>
    boolean addParameter(java.lang.String,java.lang.String) -> a
    java.lang.String getParameter(java.lang.String) -> a
    java.lang.String removeParameter(java.lang.String) -> b
    java.lang.String getParameterName(int) -> a
    java.lang.String getParameterValue(int) -> b
    int getNumberOfParameters() -> a
    java.lang.String toString() -> toString
jugglinglab.util.Permutation -> jugglinglab.f.g:
    int size -> a
    int[] mapping -> b
    boolean reverses -> c
    void <init>(int,boolean) -> <init>
    void <init>(int,int[],boolean) -> <init>
    void <init>(int,java.lang.String,boolean) -> <init>
    java.lang.String toString() -> toString
    java.lang.String toString(boolean) -> a
    java.lang.String convertReverse(int) -> d
    boolean equals(jugglinglab.util.Permutation) -> a
    int getMapping(int) -> a
    int getMapping(int,int) -> a
    jugglinglab.util.Permutation apply(jugglinglab.util.Permutation) -> b
    int getInverseMapping(int) -> e
    jugglinglab.util.Permutation getInverse() -> a
    int lcm(int,int) -> b
    int getOrder() -> b
    int getOrder(int) -> b
    int[] getCycle(int) -> c
org.apache.commons.math3.exception.DimensionMismatchException -> org.a.a.a.a.a:
    void <init>(org.apache.commons.math3.exception.util.Localizable,int,int) -> <init>
    void <init>(int,int) -> <init>
org.apache.commons.math3.exception.MathIllegalArgumentException -> org.a.a.a.a.b:
    org.apache.commons.math3.exception.util.ExceptionContext context -> a
    void <init>(org.apache.commons.math3.exception.util.Localizable,java.lang.Object[]) -> <init>
    java.lang.String getMessage() -> getMessage
    java.lang.String getLocalizedMessage() -> getLocalizedMessage
org.apache.commons.math3.exception.MathIllegalNumberException -> org.a.a.a.a.c:
    void <init>(org.apache.commons.math3.exception.util.Localizable,java.lang.Number,java.lang.Object[]) -> <init>
    void <clinit>() -> <clinit>
org.apache.commons.math3.exception.MathIllegalStateException -> org.a.a.a.a.d:
    org.apache.commons.math3.exception.util.ExceptionContext context -> a
    void <init>(org.apache.commons.math3.exception.util.Localizable,java.lang.Object[]) -> <init>
    void <init>() -> <init>
    java.lang.String getMessage() -> getMessage
    java.lang.String getLocalizedMessage() -> getLocalizedMessage
org.apache.commons.math3.exception.MathUnsupportedOperationException -> org.a.a.a.a.e:
    org.apache.commons.math3.exception.util.ExceptionContext context -> a
    void <init>() -> <init>
    void <init>(org.apache.commons.math3.exception.util.Localizable,java.lang.Object[]) -> <init>
    java.lang.String getMessage() -> getMessage
    java.lang.String getLocalizedMessage() -> getLocalizedMessage
org.apache.commons.math3.exception.NoDataException -> org.a.a.a.a.f:
    void <init>() -> <init>
    void <init>(org.apache.commons.math3.exception.util.Localizable) -> <init>
org.apache.commons.math3.exception.NullArgumentException -> org.a.a.a.a.g:
    void <init>() -> <init>
    void <init>(org.apache.commons.math3.exception.util.Localizable,java.lang.Object[]) -> <init>
org.apache.commons.math3.exception.OutOfRangeException -> org.a.a.a.a.h:
    void <init>(org.apache.commons.math3.exception.util.Localizable,java.lang.Number,java.lang.Number,java.lang.Number) -> <init>
org.apache.commons.math3.exception.util.ArgUtils -> org.a.a.a.a.a.a:
    java.lang.String prefix -> a
    java.lang.String suffix -> b
    java.lang.String rowPrefix -> c
    java.lang.String rowSuffix -> d
    java.lang.String rowSeparator -> e
    java.lang.String columnSeparator -> f
    java.text.NumberFormat format -> g
    java.lang.Object[] flatten(java.lang.Object[]) -> a
    void <init>() -> <init>
    void <init>(java.text.NumberFormat) -> <init>
    void <init>(java.lang.String,java.lang.String,java.lang.String,java.lang.String,java.lang.String,java.lang.String) -> <init>
    void <init>(java.lang.String,java.lang.String,java.lang.String,java.lang.String,java.lang.String,java.lang.String,java.text.NumberFormat) -> <init>
    java.text.NumberFormat getFormat() -> a
    org.apache.commons.math3.exception.util.ArgUtils getInstance$7ef0c724(java.util.Locale) -> a
    java.lang.String format(org.apache.commons.math3.linear.RealMatrix) -> a
    java.lang.StringBuffer format(org.apache.commons.math3.linear.RealMatrix,java.lang.StringBuffer,java.text.FieldPosition) -> a
    java.text.NumberFormat getDefaultNumberFormat(java.util.Locale) -> b
    java.lang.StringBuffer formatDouble(double,java.text.NumberFormat,java.lang.StringBuffer,java.text.FieldPosition) -> a
    void checkNotNull(java.lang.Object) -> a
org.apache.commons.math3.exception.util.ExceptionContext -> org.a.a.a.a.a.b:
    java.util.List msgPatterns -> a
    java.util.List msgArguments -> b
    void <init>(java.lang.Throwable) -> <init>
    void addMessage(org.apache.commons.math3.exception.util.Localizable,java.lang.Object[]) -> a
    java.lang.String getMessage() -> a
    java.lang.String getLocalizedMessage() -> b
    java.lang.String buildMessage(java.util.Locale,java.lang.String) -> a
org.apache.commons.math3.exception.util.Localizable -> org.a.a.a.a.a.c:
    java.lang.String getLocalizedString(java.util.Locale) -> a
org.apache.commons.math3.exception.util.LocalizedFormats -> org.a.a.a.a.a.d:
    org.apache.commons.math3.exception.util.LocalizedFormats ARGUMENT_OUTSIDE_DOMAIN -> o
    org.apache.commons.math3.exception.util.LocalizedFormats ARRAY_SIZE_EXCEEDS_MAX_VARIABLES -> p
    org.apache.commons.math3.exception.util.LocalizedFormats ARRAY_SIZES_SHOULD_HAVE_DIFFERENCE_1 -> q
    org.apache.commons.math3.exception.util.LocalizedFormats ARRAY_SUMS_TO_ZERO -> r
    org.apache.commons.math3.exception.util.LocalizedFormats ASSYMETRIC_EIGEN_NOT_SUPPORTED -> s
    org.apache.commons.math3.exception.util.LocalizedFormats AT_LEAST_ONE_COLUMN -> a
    org.apache.commons.math3.exception.util.LocalizedFormats AT_LEAST_ONE_ROW -> b
    org.apache.commons.math3.exception.util.LocalizedFormats BANDWIDTH -> t
    org.apache.commons.math3.exception.util.LocalizedFormats BESSEL_FUNCTION_BAD_ARGUMENT -> u
    org.apache.commons.math3.exception.util.LocalizedFormats BESSEL_FUNCTION_FAILED_CONVERGENCE -> v
    org.apache.commons.math3.exception.util.LocalizedFormats BINOMIAL_INVALID_PARAMETERS_ORDER -> w
    org.apache.commons.math3.exception.util.LocalizedFormats BINOMIAL_NEGATIVE_PARAMETER -> x
    org.apache.commons.math3.exception.util.LocalizedFormats CANNOT_CLEAR_STATISTIC_CONSTRUCTED_FROM_EXTERNAL_MOMENTS -> y
    org.apache.commons.math3.exception.util.LocalizedFormats CANNOT_COMPUTE_0TH_ROOT_OF_UNITY -> z
    org.apache.commons.math3.exception.util.LocalizedFormats CANNOT_COMPUTE_BETA_DENSITY_AT_0_FOR_SOME_ALPHA -> A
    org.apache.commons.math3.exception.util.LocalizedFormats CANNOT_COMPUTE_BETA_DENSITY_AT_1_FOR_SOME_BETA -> B
    org.apache.commons.math3.exception.util.LocalizedFormats CANNOT_COMPUTE_NTH_ROOT_FOR_NEGATIVE_N -> C
    org.apache.commons.math3.exception.util.LocalizedFormats CANNOT_DISCARD_NEGATIVE_NUMBER_OF_ELEMENTS -> D
    org.apache.commons.math3.exception.util.LocalizedFormats CANNOT_FORMAT_INSTANCE_AS_3D_VECTOR -> E
    org.apache.commons.math3.exception.util.LocalizedFormats CANNOT_FORMAT_INSTANCE_AS_COMPLEX -> F
    org.apache.commons.math3.exception.util.LocalizedFormats CANNOT_FORMAT_INSTANCE_AS_REAL_VECTOR -> G
    org.apache.commons.math3.exception.util.LocalizedFormats CANNOT_FORMAT_OBJECT_TO_FRACTION -> H
    org.apache.commons.math3.exception.util.LocalizedFormats CANNOT_INCREMENT_STATISTIC_CONSTRUCTED_FROM_EXTERNAL_MOMENTS -> I
    org.apache.commons.math3.exception.util.LocalizedFormats CANNOT_NORMALIZE_A_ZERO_NORM_VECTOR -> J
    org.apache.commons.math3.exception.util.LocalizedFormats CANNOT_RETRIEVE_AT_NEGATIVE_INDEX -> K
    org.apache.commons.math3.exception.util.LocalizedFormats CANNOT_SET_AT_NEGATIVE_INDEX -> L
    org.apache.commons.math3.exception.util.LocalizedFormats CANNOT_SUBSTITUTE_ELEMENT_FROM_EMPTY_ARRAY -> M
    org.apache.commons.math3.exception.util.LocalizedFormats CANNOT_TRANSFORM_TO_DOUBLE -> N
    org.apache.commons.math3.exception.util.LocalizedFormats CARDAN_ANGLES_SINGULARITY -> O
    org.apache.commons.math3.exception.util.LocalizedFormats CLASS_DOESNT_IMPLEMENT_COMPARABLE -> P
    org.apache.commons.math3.exception.util.LocalizedFormats CLOSE_VERTICES -> Q
    org.apache.commons.math3.exception.util.LocalizedFormats CLOSEST_ORTHOGONAL_MATRIX_HAS_NEGATIVE_DETERMINANT -> R
    org.apache.commons.math3.exception.util.LocalizedFormats COLUMN_INDEX_OUT_OF_RANGE -> S
    org.apache.commons.math3.exception.util.LocalizedFormats COLUMN_INDEX -> c
    org.apache.commons.math3.exception.util.LocalizedFormats CONSTRAINT -> T
    org.apache.commons.math3.exception.util.LocalizedFormats CONTINUED_FRACTION_INFINITY_DIVERGENCE -> U
    org.apache.commons.math3.exception.util.LocalizedFormats CONTINUED_FRACTION_NAN_DIVERGENCE -> V
    org.apache.commons.math3.exception.util.LocalizedFormats CONTRACTION_CRITERIA_SMALLER_THAN_EXPANSION_FACTOR -> W
    org.apache.commons.math3.exception.util.LocalizedFormats CONTRACTION_CRITERIA_SMALLER_THAN_ONE -> X
    org.apache.commons.math3.exception.util.LocalizedFormats CONVERGENCE_FAILED -> Y
    org.apache.commons.math3.exception.util.LocalizedFormats CROSSING_BOUNDARY_LOOPS -> Z
    org.apache.commons.math3.exception.util.LocalizedFormats CROSSOVER_RATE -> aa
    org.apache.commons.math3.exception.util.LocalizedFormats CUMULATIVE_PROBABILITY_RETURNED_NAN -> ab
    org.apache.commons.math3.exception.util.LocalizedFormats DIFFERENT_ROWS_LENGTHS -> ac
    org.apache.commons.math3.exception.util.LocalizedFormats DIFFERENT_ORIG_AND_PERMUTED_DATA -> ad
    org.apache.commons.math3.exception.util.LocalizedFormats DIGEST_NOT_INITIALIZED -> ae
    org.apache.commons.math3.exception.util.LocalizedFormats DIMENSIONS_MISMATCH_2x2 -> af
    org.apache.commons.math3.exception.util.LocalizedFormats DIMENSIONS_MISMATCH_SIMPLE -> d
    org.apache.commons.math3.exception.util.LocalizedFormats DIMENSIONS_MISMATCH -> ag
    org.apache.commons.math3.exception.util.LocalizedFormats DISCRETE_CUMULATIVE_PROBABILITY_RETURNED_NAN -> ah
    org.apache.commons.math3.exception.util.LocalizedFormats DISTRIBUTION_NOT_LOADED -> ai
    org.apache.commons.math3.exception.util.LocalizedFormats DUPLICATED_ABSCISSA_DIVISION_BY_ZERO -> aj
    org.apache.commons.math3.exception.util.LocalizedFormats EDGE_CONNECTED_TO_ONE_FACET -> ak
    org.apache.commons.math3.exception.util.LocalizedFormats ELITISM_RATE -> al
    org.apache.commons.math3.exception.util.LocalizedFormats EMPTY_CLUSTER_IN_K_MEANS -> am
    org.apache.commons.math3.exception.util.LocalizedFormats EMPTY_INTERPOLATION_SAMPLE -> an
    org.apache.commons.math3.exception.util.LocalizedFormats EMPTY_POLYNOMIALS_COEFFICIENTS_ARRAY -> ao
    org.apache.commons.math3.exception.util.LocalizedFormats EMPTY_SELECTED_COLUMN_INDEX_ARRAY -> ap
    org.apache.commons.math3.exception.util.LocalizedFormats EMPTY_SELECTED_ROW_INDEX_ARRAY -> aq
    org.apache.commons.math3.exception.util.LocalizedFormats EMPTY_STRING_FOR_IMAGINARY_CHARACTER -> ar
    org.apache.commons.math3.exception.util.LocalizedFormats ENDPOINTS_NOT_AN_INTERVAL -> as
    org.apache.commons.math3.exception.util.LocalizedFormats EQUAL_VERTICES_IN_SIMPLEX -> at
    org.apache.commons.math3.exception.util.LocalizedFormats EULER_ANGLES_SINGULARITY -> au
    org.apache.commons.math3.exception.util.LocalizedFormats EVALUATION -> av
    org.apache.commons.math3.exception.util.LocalizedFormats EXPANSION_FACTOR_SMALLER_THAN_ONE -> aw
    org.apache.commons.math3.exception.util.LocalizedFormats FACET_ORIENTATION_MISMATCH -> ax
    org.apache.commons.math3.exception.util.LocalizedFormats FACTORIAL_NEGATIVE_PARAMETER -> ay
    org.apache.commons.math3.exception.util.LocalizedFormats FAILED_BRACKETING -> az
    org.apache.commons.math3.exception.util.LocalizedFormats FAILED_FRACTION_CONVERSION -> aA
    org.apache.commons.math3.exception.util.LocalizedFormats FIRST_COLUMNS_NOT_INITIALIZED_YET -> e
    org.apache.commons.math3.exception.util.LocalizedFormats FIRST_ELEMENT_NOT_ZERO -> aB
    org.apache.commons.math3.exception.util.LocalizedFormats FIRST_ROWS_NOT_INITIALIZED_YET -> f
    org.apache.commons.math3.exception.util.LocalizedFormats FRACTION_CONVERSION_OVERFLOW -> aC
    org.apache.commons.math3.exception.util.LocalizedFormats FUNCTION_NOT_DIFFERENTIABLE -> aD
    org.apache.commons.math3.exception.util.LocalizedFormats FUNCTION_NOT_POLYNOMIAL -> aE
    org.apache.commons.math3.exception.util.LocalizedFormats GCD_OVERFLOW_32_BITS -> aF
    org.apache.commons.math3.exception.util.LocalizedFormats GCD_OVERFLOW_64_BITS -> aG
    org.apache.commons.math3.exception.util.LocalizedFormats HOLE_BETWEEN_MODELS_TIME_RANGES -> aH
    org.apache.commons.math3.exception.util.LocalizedFormats ILL_CONDITIONED_OPERATOR -> aI
    org.apache.commons.math3.exception.util.LocalizedFormats INCONSISTENT_STATE_AT_2_PI_WRAPPING -> aJ
    org.apache.commons.math3.exception.util.LocalizedFormats INDEX_LARGER_THAN_MAX -> aK
    org.apache.commons.math3.exception.util.LocalizedFormats INDEX_NOT_POSITIVE -> aL
    org.apache.commons.math3.exception.util.LocalizedFormats INDEX_OUT_OF_RANGE -> aM
    org.apache.commons.math3.exception.util.LocalizedFormats INDEX -> g
    org.apache.commons.math3.exception.util.LocalizedFormats NOT_FINITE_NUMBER -> aN
    org.apache.commons.math3.exception.util.LocalizedFormats INFINITE_BOUND -> aO
    org.apache.commons.math3.exception.util.LocalizedFormats ARRAY_ELEMENT -> aP
    org.apache.commons.math3.exception.util.LocalizedFormats INFINITE_ARRAY_ELEMENT -> aQ
    org.apache.commons.math3.exception.util.LocalizedFormats INFINITE_VALUE_CONVERSION -> aR
    org.apache.commons.math3.exception.util.LocalizedFormats INITIAL_CAPACITY_NOT_POSITIVE -> aS
    org.apache.commons.math3.exception.util.LocalizedFormats INITIAL_COLUMN_AFTER_FINAL_COLUMN -> aT
    org.apache.commons.math3.exception.util.LocalizedFormats INITIAL_ROW_AFTER_FINAL_ROW -> aU
    org.apache.commons.math3.exception.util.LocalizedFormats INPUT_DATA_FROM_UNSUPPORTED_DATASOURCE -> aV
    org.apache.commons.math3.exception.util.LocalizedFormats INSTANCES_NOT_COMPARABLE_TO_EXISTING_VALUES -> aW
    org.apache.commons.math3.exception.util.LocalizedFormats INSUFFICIENT_DATA -> aX
    org.apache.commons.math3.exception.util.LocalizedFormats INSUFFICIENT_DATA_FOR_T_STATISTIC -> aY
    org.apache.commons.math3.exception.util.LocalizedFormats INSUFFICIENT_DIMENSION -> aZ
    org.apache.commons.math3.exception.util.LocalizedFormats DIMENSION -> ba
    org.apache.commons.math3.exception.util.LocalizedFormats INSUFFICIENT_OBSERVED_POINTS_IN_SAMPLE -> bb
    org.apache.commons.math3.exception.util.LocalizedFormats INSUFFICIENT_ROWS_AND_COLUMNS -> bc
    org.apache.commons.math3.exception.util.LocalizedFormats INTEGRATION_METHOD_NEEDS_AT_LEAST_TWO_PREVIOUS_POINTS -> bd
    org.apache.commons.math3.exception.util.LocalizedFormats INTERNAL_ERROR -> be
    org.apache.commons.math3.exception.util.LocalizedFormats INVALID_BINARY_DIGIT -> bf
    org.apache.commons.math3.exception.util.LocalizedFormats INVALID_BINARY_CHROMOSOME -> bg
    org.apache.commons.math3.exception.util.LocalizedFormats INVALID_BRACKETING_PARAMETERS -> bh
    org.apache.commons.math3.exception.util.LocalizedFormats INVALID_FIXED_LENGTH_CHROMOSOME -> bi
    org.apache.commons.math3.exception.util.LocalizedFormats INVALID_IMPLEMENTATION -> bj
    org.apache.commons.math3.exception.util.LocalizedFormats INVALID_INTERVAL_INITIAL_VALUE_PARAMETERS -> bk
    org.apache.commons.math3.exception.util.LocalizedFormats INVALID_ITERATIONS_LIMITS -> bl
    org.apache.commons.math3.exception.util.LocalizedFormats INVALID_MAX_ITERATIONS -> bm
    org.apache.commons.math3.exception.util.LocalizedFormats NOT_ENOUGH_DATA_REGRESSION -> bn
    org.apache.commons.math3.exception.util.LocalizedFormats INVALID_REGRESSION_ARRAY -> bo
    org.apache.commons.math3.exception.util.LocalizedFormats INVALID_REGRESSION_OBSERVATION -> bp
    org.apache.commons.math3.exception.util.LocalizedFormats INVALID_ROUNDING_METHOD -> bq
    org.apache.commons.math3.exception.util.LocalizedFormats ITERATOR_EXHAUSTED -> br
    org.apache.commons.math3.exception.util.LocalizedFormats ITERATIONS -> bs
    org.apache.commons.math3.exception.util.LocalizedFormats LCM_OVERFLOW_32_BITS -> bt
    org.apache.commons.math3.exception.util.LocalizedFormats LCM_OVERFLOW_64_BITS -> bu
    org.apache.commons.math3.exception.util.LocalizedFormats LIST_OF_CHROMOSOMES_BIGGER_THAN_POPULATION_SIZE -> bv
    org.apache.commons.math3.exception.util.LocalizedFormats LOESS_EXPECTS_AT_LEAST_ONE_POINT -> bw
    org.apache.commons.math3.exception.util.LocalizedFormats LOWER_BOUND_NOT_BELOW_UPPER_BOUND -> bx
    org.apache.commons.math3.exception.util.LocalizedFormats LOWER_ENDPOINT_ABOVE_UPPER_ENDPOINT -> by
    org.apache.commons.math3.exception.util.LocalizedFormats MAP_MODIFIED_WHILE_ITERATING -> bz
    org.apache.commons.math3.exception.util.LocalizedFormats MULTISTEP_STARTER_STOPPED_EARLY -> bA
    org.apache.commons.math3.exception.util.LocalizedFormats EVALUATIONS -> bB
    org.apache.commons.math3.exception.util.LocalizedFormats MAX_COUNT_EXCEEDED -> bC
    org.apache.commons.math3.exception.util.LocalizedFormats MAX_ITERATIONS_EXCEEDED -> bD
    org.apache.commons.math3.exception.util.LocalizedFormats MINIMAL_STEPSIZE_REACHED_DURING_INTEGRATION -> bE
    org.apache.commons.math3.exception.util.LocalizedFormats MISMATCHED_LOESS_ABSCISSA_ORDINATE_ARRAYS -> bF
    org.apache.commons.math3.exception.util.LocalizedFormats MUTATION_RATE -> bG
    org.apache.commons.math3.exception.util.LocalizedFormats NAN_ELEMENT_AT_INDEX -> bH
    org.apache.commons.math3.exception.util.LocalizedFormats NAN_VALUE_CONVERSION -> bI
    org.apache.commons.math3.exception.util.LocalizedFormats NEGATIVE_BRIGHTNESS_EXPONENT -> bJ
    org.apache.commons.math3.exception.util.LocalizedFormats NEGATIVE_COMPLEX_MODULE -> bK
    org.apache.commons.math3.exception.util.LocalizedFormats NEGATIVE_ELEMENT_AT_2D_INDEX -> bL
    org.apache.commons.math3.exception.util.LocalizedFormats NEGATIVE_ELEMENT_AT_INDEX -> bM
    org.apache.commons.math3.exception.util.LocalizedFormats NEGATIVE_NUMBER_OF_SUCCESSES -> bN
    org.apache.commons.math3.exception.util.LocalizedFormats NUMBER_OF_SUCCESSES -> bO
    org.apache.commons.math3.exception.util.LocalizedFormats NEGATIVE_NUMBER_OF_TRIALS -> bP
    org.apache.commons.math3.exception.util.LocalizedFormats NUMBER_OF_INTERPOLATION_POINTS -> bQ
    org.apache.commons.math3.exception.util.LocalizedFormats NUMBER_OF_TRIALS -> bR
    org.apache.commons.math3.exception.util.LocalizedFormats NOT_CONVEX -> bS
    org.apache.commons.math3.exception.util.LocalizedFormats NOT_CONVEX_HYPERPLANES -> bT
    org.apache.commons.math3.exception.util.LocalizedFormats ROBUSTNESS_ITERATIONS -> bU
    org.apache.commons.math3.exception.util.LocalizedFormats START_POSITION -> bV
    org.apache.commons.math3.exception.util.LocalizedFormats NON_CONVERGENT_CONTINUED_FRACTION -> bW
    org.apache.commons.math3.exception.util.LocalizedFormats NON_INVERTIBLE_TRANSFORM -> bX
    org.apache.commons.math3.exception.util.LocalizedFormats NON_POSITIVE_MICROSPHERE_ELEMENTS -> bY
    org.apache.commons.math3.exception.util.LocalizedFormats NON_POSITIVE_POLYNOMIAL_DEGREE -> bZ
    org.apache.commons.math3.exception.util.LocalizedFormats NON_REAL_FINITE_ABSCISSA -> ca
    org.apache.commons.math3.exception.util.LocalizedFormats NON_REAL_FINITE_ORDINATE -> cb
    org.apache.commons.math3.exception.util.LocalizedFormats NON_REAL_FINITE_WEIGHT -> cc
    org.apache.commons.math3.exception.util.LocalizedFormats NON_SQUARE_MATRIX -> h
    org.apache.commons.math3.exception.util.LocalizedFormats NORM -> cd
    org.apache.commons.math3.exception.util.LocalizedFormats NORMALIZE_INFINITE -> ce
    org.apache.commons.math3.exception.util.LocalizedFormats NORMALIZE_NAN -> cf
    org.apache.commons.math3.exception.util.LocalizedFormats NOT_ADDITION_COMPATIBLE_MATRICES -> cg
    org.apache.commons.math3.exception.util.LocalizedFormats NOT_DECREASING_NUMBER_OF_POINTS -> ch
    org.apache.commons.math3.exception.util.LocalizedFormats NOT_DECREASING_SEQUENCE -> ci
    org.apache.commons.math3.exception.util.LocalizedFormats NOT_ENOUGH_DATA_FOR_NUMBER_OF_PREDICTORS -> cj
    org.apache.commons.math3.exception.util.LocalizedFormats NOT_ENOUGH_POINTS_IN_SPLINE_PARTITION -> ck
    org.apache.commons.math3.exception.util.LocalizedFormats NOT_INCREASING_NUMBER_OF_POINTS -> cl
    org.apache.commons.math3.exception.util.LocalizedFormats NOT_INCREASING_SEQUENCE -> cm
    org.apache.commons.math3.exception.util.LocalizedFormats NOT_MULTIPLICATION_COMPATIBLE_MATRICES -> cn
    org.apache.commons.math3.exception.util.LocalizedFormats NOT_POSITIVE_DEFINITE_MATRIX -> co
    org.apache.commons.math3.exception.util.LocalizedFormats NON_POSITIVE_DEFINITE_MATRIX -> cp
    org.apache.commons.math3.exception.util.LocalizedFormats NON_POSITIVE_DEFINITE_OPERATOR -> cq
    org.apache.commons.math3.exception.util.LocalizedFormats NON_SELF_ADJOINT_OPERATOR -> cr
    org.apache.commons.math3.exception.util.LocalizedFormats NON_SQUARE_OPERATOR -> cs
    org.apache.commons.math3.exception.util.LocalizedFormats DEGREES_OF_FREEDOM -> ct
    org.apache.commons.math3.exception.util.LocalizedFormats NOT_POSITIVE_DEGREES_OF_FREEDOM -> cu
    org.apache.commons.math3.exception.util.LocalizedFormats NOT_POSITIVE_ELEMENT_AT_INDEX -> cv
    org.apache.commons.math3.exception.util.LocalizedFormats NOT_POSITIVE_EXPONENT -> cw
    org.apache.commons.math3.exception.util.LocalizedFormats NUMBER_OF_ELEMENTS_SHOULD_BE_POSITIVE -> cx
    org.apache.commons.math3.exception.util.LocalizedFormats BASE -> cy
    org.apache.commons.math3.exception.util.LocalizedFormats EXPONENT -> cz
    org.apache.commons.math3.exception.util.LocalizedFormats NOT_POSITIVE_LENGTH -> cA
    org.apache.commons.math3.exception.util.LocalizedFormats LENGTH -> cB
    org.apache.commons.math3.exception.util.LocalizedFormats NOT_POSITIVE_MEAN -> cC
    org.apache.commons.math3.exception.util.LocalizedFormats MEAN -> cD
    org.apache.commons.math3.exception.util.LocalizedFormats NOT_POSITIVE_NUMBER_OF_SAMPLES -> cE
    org.apache.commons.math3.exception.util.LocalizedFormats NUMBER_OF_SAMPLES -> cF
    org.apache.commons.math3.exception.util.LocalizedFormats NOT_POSITIVE_PERMUTATION -> cG
    org.apache.commons.math3.exception.util.LocalizedFormats PERMUTATION_SIZE -> cH
    org.apache.commons.math3.exception.util.LocalizedFormats NOT_POSITIVE_POISSON_MEAN -> cI
    org.apache.commons.math3.exception.util.LocalizedFormats NOT_POSITIVE_POPULATION_SIZE -> cJ
    org.apache.commons.math3.exception.util.LocalizedFormats POPULATION_SIZE -> cK
    org.apache.commons.math3.exception.util.LocalizedFormats NOT_POSITIVE_ROW_DIMENSION -> cL
    org.apache.commons.math3.exception.util.LocalizedFormats NOT_POSITIVE_SAMPLE_SIZE -> cM
    org.apache.commons.math3.exception.util.LocalizedFormats NOT_POSITIVE_SCALE -> cN
    org.apache.commons.math3.exception.util.LocalizedFormats SCALE -> cO
    org.apache.commons.math3.exception.util.LocalizedFormats NOT_POSITIVE_SHAPE -> cP
    org.apache.commons.math3.exception.util.LocalizedFormats SHAPE -> cQ
    org.apache.commons.math3.exception.util.LocalizedFormats NOT_POSITIVE_STANDARD_DEVIATION -> cR
    org.apache.commons.math3.exception.util.LocalizedFormats STANDARD_DEVIATION -> cS
    org.apache.commons.math3.exception.util.LocalizedFormats NOT_POSITIVE_UPPER_BOUND -> cT
    org.apache.commons.math3.exception.util.LocalizedFormats NOT_POSITIVE_WINDOW_SIZE -> cU
    org.apache.commons.math3.exception.util.LocalizedFormats NOT_POWER_OF_TWO -> cV
    org.apache.commons.math3.exception.util.LocalizedFormats NOT_POWER_OF_TWO_CONSIDER_PADDING -> cW
    org.apache.commons.math3.exception.util.LocalizedFormats NOT_POWER_OF_TWO_PLUS_ONE -> cX
    org.apache.commons.math3.exception.util.LocalizedFormats NOT_STRICTLY_DECREASING_NUMBER_OF_POINTS -> cY
    org.apache.commons.math3.exception.util.LocalizedFormats NOT_STRICTLY_DECREASING_SEQUENCE -> cZ
    org.apache.commons.math3.exception.util.LocalizedFormats NOT_STRICTLY_INCREASING_KNOT_VALUES -> da
    org.apache.commons.math3.exception.util.LocalizedFormats NOT_STRICTLY_INCREASING_NUMBER_OF_POINTS -> db
    org.apache.commons.math3.exception.util.LocalizedFormats NOT_STRICTLY_INCREASING_SEQUENCE -> dc
    org.apache.commons.math3.exception.util.LocalizedFormats NOT_SUBTRACTION_COMPATIBLE_MATRICES -> dd
    org.apache.commons.math3.exception.util.LocalizedFormats NOT_SUPPORTED_IN_DIMENSION_N -> de
    org.apache.commons.math3.exception.util.LocalizedFormats NOT_SYMMETRIC_MATRIX -> df
    org.apache.commons.math3.exception.util.LocalizedFormats NON_SYMMETRIC_MATRIX -> dg
    org.apache.commons.math3.exception.util.LocalizedFormats NO_BIN_SELECTED -> dh
    org.apache.commons.math3.exception.util.LocalizedFormats NO_CONVERGENCE_WITH_ANY_START_POINT -> di
    org.apache.commons.math3.exception.util.LocalizedFormats NO_DATA -> i
    org.apache.commons.math3.exception.util.LocalizedFormats NO_DEGREES_OF_FREEDOM -> dj
    org.apache.commons.math3.exception.util.LocalizedFormats NO_DENSITY_FOR_THIS_DISTRIBUTION -> dk
    org.apache.commons.math3.exception.util.LocalizedFormats NO_FEASIBLE_SOLUTION -> dl
    org.apache.commons.math3.exception.util.LocalizedFormats NO_OPTIMUM_COMPUTED_YET -> dm
    org.apache.commons.math3.exception.util.LocalizedFormats NO_REGRESSORS -> dn
    org.apache.commons.math3.exception.util.LocalizedFormats NO_RESULT_AVAILABLE -> do
    org.apache.commons.math3.exception.util.LocalizedFormats NO_SUCH_MATRIX_ENTRY -> dp
    org.apache.commons.math3.exception.util.LocalizedFormats NAN_NOT_ALLOWED -> dq
    org.apache.commons.math3.exception.util.LocalizedFormats NULL_NOT_ALLOWED -> j
    org.apache.commons.math3.exception.util.LocalizedFormats ARRAY_ZERO_LENGTH_OR_NULL_NOT_ALLOWED -> dr
    org.apache.commons.math3.exception.util.LocalizedFormats COVARIANCE_MATRIX -> ds
    org.apache.commons.math3.exception.util.LocalizedFormats DENOMINATOR -> dt
    org.apache.commons.math3.exception.util.LocalizedFormats DENOMINATOR_FORMAT -> du
    org.apache.commons.math3.exception.util.LocalizedFormats FRACTION -> dv
    org.apache.commons.math3.exception.util.LocalizedFormats FUNCTION -> dw
    org.apache.commons.math3.exception.util.LocalizedFormats IMAGINARY_FORMAT -> dx
    org.apache.commons.math3.exception.util.LocalizedFormats INPUT_ARRAY -> dy
    org.apache.commons.math3.exception.util.LocalizedFormats NUMERATOR -> dz
    org.apache.commons.math3.exception.util.LocalizedFormats NUMERATOR_FORMAT -> dA
    org.apache.commons.math3.exception.util.LocalizedFormats OBJECT_TRANSFORMATION -> dB
    org.apache.commons.math3.exception.util.LocalizedFormats REAL_FORMAT -> dC
    org.apache.commons.math3.exception.util.LocalizedFormats WHOLE_FORMAT -> dD
    org.apache.commons.math3.exception.util.LocalizedFormats NUMBER_TOO_LARGE -> dE
    org.apache.commons.math3.exception.util.LocalizedFormats NUMBER_TOO_SMALL -> dF
    org.apache.commons.math3.exception.util.LocalizedFormats NUMBER_TOO_LARGE_BOUND_EXCLUDED -> dG
    org.apache.commons.math3.exception.util.LocalizedFormats NUMBER_TOO_SMALL_BOUND_EXCLUDED -> dH
    org.apache.commons.math3.exception.util.LocalizedFormats NUMBER_OF_SUCCESS_LARGER_THAN_POPULATION_SIZE -> dI
    org.apache.commons.math3.exception.util.LocalizedFormats NUMERATOR_OVERFLOW_AFTER_MULTIPLY -> dJ
    org.apache.commons.math3.exception.util.LocalizedFormats N_POINTS_GAUSS_LEGENDRE_INTEGRATOR_NOT_SUPPORTED -> dK
    org.apache.commons.math3.exception.util.LocalizedFormats OBSERVED_COUNTS_ALL_ZERO -> dL
    org.apache.commons.math3.exception.util.LocalizedFormats OBSERVED_COUNTS_BOTTH_ZERO_FOR_ENTRY -> dM
    org.apache.commons.math3.exception.util.LocalizedFormats BOBYQA_BOUND_DIFFERENCE_CONDITION -> dN
    org.apache.commons.math3.exception.util.LocalizedFormats OUT_OF_BOUNDS_QUANTILE_VALUE -> dO
    org.apache.commons.math3.exception.util.LocalizedFormats OUT_OF_BOUNDS_CONFIDENCE_LEVEL -> dP
    org.apache.commons.math3.exception.util.LocalizedFormats OUT_OF_BOUND_SIGNIFICANCE_LEVEL -> dQ
    org.apache.commons.math3.exception.util.LocalizedFormats SIGNIFICANCE_LEVEL -> dR
    org.apache.commons.math3.exception.util.LocalizedFormats OUT_OF_ORDER_ABSCISSA_ARRAY -> dS
    org.apache.commons.math3.exception.util.LocalizedFormats OUT_OF_PLANE -> dT
    org.apache.commons.math3.exception.util.LocalizedFormats OUT_OF_RANGE_ROOT_OF_UNITY_INDEX -> dU
    org.apache.commons.math3.exception.util.LocalizedFormats OUT_OF_RANGE -> dV
    org.apache.commons.math3.exception.util.LocalizedFormats OUT_OF_RANGE_SIMPLE -> dW
    org.apache.commons.math3.exception.util.LocalizedFormats OUT_OF_RANGE_LEFT -> dX
    org.apache.commons.math3.exception.util.LocalizedFormats OUT_OF_RANGE_RIGHT -> dY
    org.apache.commons.math3.exception.util.LocalizedFormats OUTLINE_BOUNDARY_LOOP_OPEN -> dZ
    org.apache.commons.math3.exception.util.LocalizedFormats OVERFLOW -> ea
    org.apache.commons.math3.exception.util.LocalizedFormats OVERFLOW_IN_FRACTION -> eb
    org.apache.commons.math3.exception.util.LocalizedFormats OVERFLOW_IN_ADDITION -> ec
    org.apache.commons.math3.exception.util.LocalizedFormats OVERFLOW_IN_SUBTRACTION -> ed
    org.apache.commons.math3.exception.util.LocalizedFormats OVERFLOW_IN_MULTIPLICATION -> ee
    org.apache.commons.math3.exception.util.LocalizedFormats PERCENTILE_IMPLEMENTATION_CANNOT_ACCESS_METHOD -> ef
    org.apache.commons.math3.exception.util.LocalizedFormats PERCENTILE_IMPLEMENTATION_UNSUPPORTED_METHOD -> eg
    org.apache.commons.math3.exception.util.LocalizedFormats PERMUTATION_EXCEEDS_N -> eh
    org.apache.commons.math3.exception.util.LocalizedFormats POLYNOMIAL -> ei
    org.apache.commons.math3.exception.util.LocalizedFormats POLYNOMIAL_INTERPOLANTS_MISMATCH_SEGMENTS -> ej
    org.apache.commons.math3.exception.util.LocalizedFormats POPULATION_LIMIT_NOT_POSITIVE -> ek
    org.apache.commons.math3.exception.util.LocalizedFormats POWER_NEGATIVE_PARAMETERS -> el
    org.apache.commons.math3.exception.util.LocalizedFormats PROPAGATION_DIRECTION_MISMATCH -> em
    org.apache.commons.math3.exception.util.LocalizedFormats RANDOMKEY_MUTATION_WRONG_CLASS -> en
    org.apache.commons.math3.exception.util.LocalizedFormats ROOTS_OF_UNITY_NOT_COMPUTED_YET -> eo
    org.apache.commons.math3.exception.util.LocalizedFormats ROTATION_MATRIX_DIMENSIONS -> ep
    org.apache.commons.math3.exception.util.LocalizedFormats ROW_INDEX_OUT_OF_RANGE -> eq
    org.apache.commons.math3.exception.util.LocalizedFormats ROW_INDEX -> k
    org.apache.commons.math3.exception.util.LocalizedFormats SAME_SIGN_AT_ENDPOINTS -> er
    org.apache.commons.math3.exception.util.LocalizedFormats SAMPLE_SIZE_EXCEEDS_COLLECTION_SIZE -> es
    org.apache.commons.math3.exception.util.LocalizedFormats SAMPLE_SIZE_LARGER_THAN_POPULATION_SIZE -> et
    org.apache.commons.math3.exception.util.LocalizedFormats SIMPLEX_NEED_ONE_POINT -> eu
    org.apache.commons.math3.exception.util.LocalizedFormats SIMPLE_MESSAGE -> ev
    org.apache.commons.math3.exception.util.LocalizedFormats SINGULAR_MATRIX -> l
    org.apache.commons.math3.exception.util.LocalizedFormats SINGULAR_OPERATOR -> ew
    org.apache.commons.math3.exception.util.LocalizedFormats SUBARRAY_ENDS_AFTER_ARRAY_END -> ex
    org.apache.commons.math3.exception.util.LocalizedFormats TOO_LARGE_CUTOFF_SINGULAR_VALUE -> ey
    org.apache.commons.math3.exception.util.LocalizedFormats TOO_LARGE_TOURNAMENT_ARITY -> ez
    org.apache.commons.math3.exception.util.LocalizedFormats TOO_MANY_ELEMENTS_TO_DISCARD_FROM_ARRAY -> eA
    org.apache.commons.math3.exception.util.LocalizedFormats TOO_MANY_REGRESSORS -> eB
    org.apache.commons.math3.exception.util.LocalizedFormats TOO_SMALL_COST_RELATIVE_TOLERANCE -> eC
    org.apache.commons.math3.exception.util.LocalizedFormats TOO_SMALL_INTEGRATION_INTERVAL -> eD
    org.apache.commons.math3.exception.util.LocalizedFormats TOO_SMALL_ORTHOGONALITY_TOLERANCE -> eE
    org.apache.commons.math3.exception.util.LocalizedFormats TOO_SMALL_PARAMETERS_RELATIVE_TOLERANCE -> eF
    org.apache.commons.math3.exception.util.LocalizedFormats TRUST_REGION_STEP_FAILED -> eG
    org.apache.commons.math3.exception.util.LocalizedFormats TWO_OR_MORE_CATEGORIES_REQUIRED -> eH
    org.apache.commons.math3.exception.util.LocalizedFormats TWO_OR_MORE_VALUES_IN_CATEGORY_REQUIRED -> eI
    org.apache.commons.math3.exception.util.LocalizedFormats UNABLE_TO_BRACKET_OPTIMUM_IN_LINE_SEARCH -> eJ
    org.apache.commons.math3.exception.util.LocalizedFormats UNABLE_TO_COMPUTE_COVARIANCE_SINGULAR_PROBLEM -> eK
    org.apache.commons.math3.exception.util.LocalizedFormats UNABLE_TO_FIRST_GUESS_HARMONIC_COEFFICIENTS -> eL
    org.apache.commons.math3.exception.util.LocalizedFormats UNABLE_TO_ORTHOGONOLIZE_MATRIX -> eM
    org.apache.commons.math3.exception.util.LocalizedFormats UNABLE_TO_PERFORM_QR_DECOMPOSITION_ON_JACOBIAN -> eN
    org.apache.commons.math3.exception.util.LocalizedFormats UNABLE_TO_SOLVE_SINGULAR_PROBLEM -> eO
    org.apache.commons.math3.exception.util.LocalizedFormats UNBOUNDED_SOLUTION -> eP
    org.apache.commons.math3.exception.util.LocalizedFormats UNKNOWN_MODE -> eQ
    org.apache.commons.math3.exception.util.LocalizedFormats UNKNOWN_PARAMETER -> eR
    org.apache.commons.math3.exception.util.LocalizedFormats UNMATCHED_ODE_IN_EXPANDED_SET -> eS
    org.apache.commons.math3.exception.util.LocalizedFormats CANNOT_PARSE_AS_TYPE -> eT
    org.apache.commons.math3.exception.util.LocalizedFormats CANNOT_PARSE -> eU
    org.apache.commons.math3.exception.util.LocalizedFormats UNPARSEABLE_3D_VECTOR -> eV
    org.apache.commons.math3.exception.util.LocalizedFormats UNPARSEABLE_COMPLEX_NUMBER -> eW
    org.apache.commons.math3.exception.util.LocalizedFormats UNPARSEABLE_REAL_VECTOR -> eX
    org.apache.commons.math3.exception.util.LocalizedFormats UNSUPPORTED_EXPANSION_MODE -> eY
    org.apache.commons.math3.exception.util.LocalizedFormats UNSUPPORTED_OPERATION -> m
    org.apache.commons.math3.exception.util.LocalizedFormats ARITHMETIC_EXCEPTION -> eZ
    org.apache.commons.math3.exception.util.LocalizedFormats ILLEGAL_STATE -> n
    org.apache.commons.math3.exception.util.LocalizedFormats USER_EXCEPTION -> fa
    org.apache.commons.math3.exception.util.LocalizedFormats URL_CONTAINS_NO_DATA -> fb
    org.apache.commons.math3.exception.util.LocalizedFormats VALUES_ADDED_BEFORE_CONFIGURING_STATISTIC -> fc
    org.apache.commons.math3.exception.util.LocalizedFormats VECTOR_LENGTH_MISMATCH -> fd
    org.apache.commons.math3.exception.util.LocalizedFormats VECTOR_MUST_HAVE_AT_LEAST_ONE_ELEMENT -> fe
    org.apache.commons.math3.exception.util.LocalizedFormats WEIGHT_AT_LEAST_ONE_NON_ZERO -> ff
    org.apache.commons.math3.exception.util.LocalizedFormats WRONG_BLOCK_LENGTH -> fg
    org.apache.commons.math3.exception.util.LocalizedFormats WRONG_NUMBER_OF_POINTS -> fh
    org.apache.commons.math3.exception.util.LocalizedFormats NUMBER_OF_POINTS -> fi
    org.apache.commons.math3.exception.util.LocalizedFormats ZERO_DENOMINATOR -> fj
    org.apache.commons.math3.exception.util.LocalizedFormats ZERO_DENOMINATOR_IN_FRACTION -> fk
    org.apache.commons.math3.exception.util.LocalizedFormats ZERO_FRACTION_TO_DIVIDE_BY -> fl
    org.apache.commons.math3.exception.util.LocalizedFormats ZERO_NORM -> fm
    org.apache.commons.math3.exception.util.LocalizedFormats ZERO_NORM_FOR_ROTATION_AXIS -> fn
    org.apache.commons.math3.exception.util.LocalizedFormats ZERO_NORM_FOR_ROTATION_DEFINING_VECTOR -> fo
    org.apache.commons.math3.exception.util.LocalizedFormats ZERO_NOT_ALLOWED -> fp
    java.lang.String sourceFormat -> fq
    void <init>(java.lang.String,int,java.lang.String) -> <init>
    java.lang.String getLocalizedString(java.util.Locale) -> a
    void <clinit>() -> <clinit>
org.apache.commons.math3.linear.AbstractRealMatrix -> org.a.a.a.b.a:
    org.apache.commons.math3.exception.util.ArgUtils DEFAULT_FORMAT$62110e30 -> a
    void <init>() -> <init>
    double[][] getData() -> a
    void setSubMatrix(double[][],int,int) -> a
    boolean isSquare() -> b
    int getRowDimension() -> c
    int getColumnDimension() -> d
    java.lang.String toString() -> toString
    boolean equals(java.lang.Object) -> equals
    int hashCode() -> hashCode
    double getEntry(int,int) -> a
    void setEntry(int,int,double) -> a
    void <clinit>() -> <clinit>
org.apache.commons.math3.linear.AnyMatrix -> org.a.a.a.b.b:
    boolean isSquare() -> b
    int getRowDimension() -> c
    int getColumnDimension() -> d
org.apache.commons.math3.linear.Array2DRowRealMatrix -> org.a.a.a.b.c:
    double[][] data -> a
    void <init>() -> <init>
    void <init>(double[][]) -> <init>
    double[][] getData() -> a
    void setSubMatrix(double[][],int,int) -> a
    double getEntry(int,int) -> a
    void setEntry(int,int,double) -> a
    int getRowDimension() -> c
    int getColumnDimension() -> d
org.apache.commons.math3.linear.ArrayRealVector -> org.a.a.a.b.d:
    org.apache.commons.math3.linear.LUDecomposition$1 DEFAULT_FORMAT$cd69192 -> a
    double[] data -> b
    void <init>() -> <init>
    void <init>(double[]) -> <init>
    void <init>(double[],boolean) -> <init>
    double getEntry(int) -> a
    int getDimension() -> a
    java.lang.String toString() -> toString
    boolean isNaN() -> b
    boolean equals(java.lang.Object) -> equals
    int hashCode() -> hashCode
    void <clinit>() -> <clinit>
org.apache.commons.math3.linear.DecompositionSolver -> org.a.a.a.b.e:
    org.apache.commons.math3.linear.RealVector solve(org.apache.commons.math3.linear.RealVector) -> a
org.apache.commons.math3.linear.LUDecomposition -> org.a.a.a.b.f:
    double[][] lu -> a
    int[] pivot -> b
    boolean even -> c
    boolean singular -> d
    void <init>(org.apache.commons.math3.linear.RealMatrix) -> <init>
    void <init>(org.apache.commons.math3.linear.RealMatrix,double) -> <init>
    org.apache.commons.math3.linear.DecompositionSolver getSolver() -> a
org.apache.commons.math3.linear.LUDecomposition$1 -> org.a.a.a.b.g:
    java.lang.String prefix -> a
    java.lang.String suffix -> b
    java.lang.String separator -> c
    java.text.NumberFormat format -> d
    void <init>() -> <init>
    void <init>(java.text.NumberFormat) -> <init>
    void <init>(java.lang.String,java.lang.String,java.lang.String,java.text.NumberFormat) -> <init>
    java.lang.String format(org.apache.commons.math3.linear.RealVector) -> a
    java.lang.StringBuffer format(org.apache.commons.math3.linear.RealVector,java.lang.StringBuffer,java.text.FieldPosition) -> a
org.apache.commons.math3.linear.LUDecomposition$Solver -> org.a.a.a.b.h:
    double[][] lu -> a
    int[] pivot -> b
    boolean singular -> c
    void <init>(double[][],int[],boolean) -> <init>
    org.apache.commons.math3.linear.RealVector solve(org.apache.commons.math3.linear.RealVector) -> a
    void <init>(double[][],int[],boolean,byte) -> <init>
org.apache.commons.math3.linear.MatrixUtils -> org.a.a.a.b.i:
    void checkMatrixIndex(org.apache.commons.math3.linear.AnyMatrix,int,int) -> a
    void checkRowIndex(org.apache.commons.math3.linear.AnyMatrix,int) -> a
    void checkColumnIndex(org.apache.commons.math3.linear.AnyMatrix,int) -> b
    void <clinit>() -> <clinit>
org.apache.commons.math3.linear.NonSquareMatrixException -> org.a.a.a.b.j:
    void <init>(int,int) -> <init>
org.apache.commons.math3.linear.RealLinearOperator -> org.a.a.a.b.k:
    void <init>() -> <init>
org.apache.commons.math3.linear.RealMatrix -> org.a.a.a.b.l:
    double[][] getData() -> a
    double getEntry(int,int) -> a
org.apache.commons.math3.linear.RealVector -> org.a.a.a.b.m:
    void <init>() -> <init>
    int getDimension() -> a
    double getEntry(int) -> a
    boolean isNaN() -> b
    boolean equals(java.lang.Object) -> equals
    int hashCode() -> hashCode
org.apache.commons.math3.linear.SingularMatrixException -> org.a.a.a.b.n:
    void <init>() -> <init>
org.apache.commons.math3.util.FastMath -> org.a.a.a.c.a:
    double abs(double) -> a
    void <clinit>() -> <clinit>
